// Jest Snapshot v1, https://goo.gl/fbAQLP

exports[`fiori draft Test Suite should support to create instance 1`] = `
Object {
  "@odata.context": "$metadata#Persons/$entity",
  "Address": null,
  "Age": 25,
  "HasActiveEntity": false,
  "HasDraftEntity": false,
  "ID": "95f96069-e831-4e30-9567-37a1490b9385",
  "IsActiveEntity": false,
  "Name": "Theo Sun",
}
`;

exports[`fiori draft Test Suite should support to create instance 2`] = `
Array [
  Array [
    INSERT {
      "INSERT": Object {
        "entries": Array [
          Object {
            "CreatedByUser": "alice",
            "CreationDateTime": "2022-07-05T07:14:04.930Z",
            "DraftIsCreatedByMe": true,
            "DraftIsProcessedByMe": true,
            "DraftUUID": "472bc676-e5c3-42ff-857b-08dbff472c5c",
            "InProcessByUser": "alice",
            "LastChangeDateTime": "2022-07-05T07:14:04.930Z",
            "LastChangedByUser": "alice",
          },
        ],
        "into": "DRAFT.DraftAdministrativeData",
      },
    },
  ],
  Array [
    INSERT {
      "INSERT": Object {
        "entries": Array [
          Object {
            "Age": 25,
            "DraftAdministrativeData_DraftUUID": "472bc676-e5c3-42ff-857b-08dbff472c5c",
            "HasActiveEntity": false,
            "HasDraftEntity": false,
            "ID": "95f96069-e831-4e30-9567-37a1490b9385",
            "IsActiveEntity": false,
            "Name": "Theo Sun",
          },
        ],
        "into": "FioriService.Persons_drafts",
      },
    },
  ],
  Array [
    SELECT {
      "SELECT": Object {
        "columns": Array [
          Object {
            "ref": Array [
              "ID",
            ],
          },
          Object {
            "ref": Array [
              "Name",
            ],
          },
          Object {
            "ref": Array [
              "Age",
            ],
          },
          Object {
            "ref": Array [
              "Address",
            ],
          },
          Object {
            "ref": Array [
              "IsActiveEntity",
            ],
          },
          Object {
            "ref": Array [
              "HasActiveEntity",
            ],
          },
          Object {
            "ref": Array [
              "HasDraftEntity",
            ],
          },
          Object {
            "ref": Array [
              "DraftAdministrativeData_DraftUUID",
            ],
          },
        ],
        "from": Object {
          "as": "ALIAS_1",
          "ref": Array [
            "FioriService.Persons_drafts",
          ],
        },
        "where": Array [
          Object {
            "ref": Array [
              "ID",
            ],
          },
          "=",
          Object {
            "val": "95f96069-e831-4e30-9567-37a1490b9385",
          },
        ],
      },
    },
  ],
]
`;
