// Jest Snapshot v1, https://goo.gl/fbAQLP

exports[`fiori draft Test Suite should support to create instance 1`] = `
Object {
  "@odata.context": "$metadata#Persons/$entity",
  "Address": null,
  "Age": 25,
  "HasActiveEntity": false,
  "HasDraftEntity": false,
  "ID": "95f96069-e831-4e30-9567-37a1490b9385",
  "IsActiveEntity": false,
  "Name": "Theo Sun",
}
`;
