// Jest Snapshot v1, https://goo.gl/fbAQLP

exports[`SQL Factory Test Suite should support build a complex SELECT projection 1`] = `
{
  "sql": "SELECT Name, Age, RegisterDate FROM test_int_People tmp_table_2 WHERE Name = ? AND Age <= 15 AND RegisterDate BETWEEN ? AND ?",
  "values": [
    "Theo",
    "2022-11-17",
    "2022-11-17",
  ],
}
`;

exports[`SQL Factory Test Suite should support build a simple SELECT query 1`] = `"SELECT * FROM test_int_People tmp_table_1"`;
