// Jest Snapshot v1, https://goo.gl/fbAQLP

exports[`TypeORM Annotation Test Suite should support index for model 1`] = `
Array [
  EntitySchema {
    "@instanceof": Symbol(EntitySchema),
    "options": Object {
      "columns": Object {
        "ID": Object {
          "default": undefined,
          "name": "ID",
          "nullable": false,
          "primary": true,
          "type": "integer",
        },
        "Name": Object {
          "default": null,
          "length": 255,
          "name": "Name",
          "nullable": true,
          "type": "nvarchar",
        },
      },
      "deps": Array [],
      "indices": Array [
        Object {
          "columns": Array [
            "Name",
          ],
          "name": "NameIndex",
        },
      ],
      "name": "Demo",
      "synchronize": true,
      "tableName": "Demo",
    },
  },
]
`;
