// Jest Snapshot v1, https://goo.gl/fbAQLP

exports[`TypeORM Annotation Test Suite should support index for model 1`] = `
[
  EntitySchema {
    "@instanceof": Symbol(EntitySchema),
    "options": {
      "columns": {
        "ID": {
          "name": "ID",
          "nullable": false,
          "primary": true,
          "type": "integer",
        },
        "Name": {
          "length": 255,
          "name": "Name",
          "nullable": true,
          "type": "nvarchar",
        },
      },
      "indices": [
        {
          "columns": [
            "Name",
          ],
          "name": "NameIndex",
        },
      ],
      "name": "Demo",
      "synchronize": true,
      "tableName": "Demo",
    },
  },
]
`;
